2025/12/15 23:50:06 app.go:100: Folders and logger initialized.
2025/12/15 23:50:06 app.go:163: Server starting on :9099
2025/12/15 23:50:06 app.go:121: hour:  23
2025/12/15 23:50:06 app.go:123: Not time for cleanup yet.
2025/12/15 23:50:10 print.go:78: copies:  1
2025/12/15 23:50:15 print.go:263: lỗi kết nối máy in:  dial tcp 192.168.1.100:9100: i/o timeout
2025/12/15 23:50:15 print.go:162: ping printer error:  connect_timeout
2025/12/15 23:50:15 response.go:25: error message:  connect_timeout
2025/12/15 23:50:15 print.go:263: lỗi kết nối máy in:  dial tcp 192.168.1.100:9100: connect: no route to host
2025/12/15 23:50:15 print.go:49: Retry 1 after error: connect_timeout, sleeping 30s
2025/12/15 23:50:43 response.go:25: error message:  Printer config not found
2025/12/15 23:50:44 response.go:25: error message:  Printer config not found
2025/12/15 23:50:45 response.go:25: error message:  Printer config not found
2025/12/15 23:50:50 print.go:263: lỗi kết nối máy in:  dial tcp 192.168.1.100:9100: i/o timeout
2025/12/15 23:50:50 print.go:49: Retry 2 after error: connect_timeout, sleeping 30s
2025/12/15 23:51:06 app.go:121: hour:  23
2025/12/15 23:51:06 app.go:123: Not time for cleanup yet.
2025/12/15 23:51:20 print.go:263: lỗi kết nối máy in:  dial tcp 192.168.1.100:9100: connect: no route to host
2025/12/15 23:51:20 print.go:49: Retry 3 after error: connect_timeout, sleeping 30s
2025/12/15 23:51:37 response.go:25: error message:  Printer config not found
2025/12/15 23:51:38 response.go:25: error message:  Printer config not found
2025/12/15 23:51:39 response.go:25: error message:  Printer config not found
2025/12/15 23:51:55 print.go:263: lỗi kết nối máy in:  dial tcp 192.168.1.100:9100: i/o timeout
2025/12/15 23:51:55 print.go:49: Retry 4 after error: connect_timeout, sleeping 30s
2025/12/15 23:52:06 app.go:121: hour:  23
2025/12/15 23:52:06 app.go:123: Not time for cleanup yet.
2026/02/02 16:53:02 app.go:100: Folders and logger initialized.
2026/02/02 16:53:02 app.go:163: Server starting on :9099
2026/02/02 16:53:02 app.go:121: hour:  16
2026/02/02 16:53:02 app.go:123: Not time for cleanup yet.
2026/02/02 16:55:41 app.go:100: Folders and logger initialized.
2026/02/02 16:55:41 app.go:163: Server starting on :9099
2026/02/02 16:55:41 app.go:121: hour:  16
2026/02/02 16:55:41 app.go:123: Not time for cleanup yet.
2026/02/02 17:22:21 app.go:100: Folders and logger initialized.
2026/02/02 17:22:21 app.go:163: Server starting on :9099
2026/02/02 17:22:21 app.go:121: hour:  17
2026/02/02 17:22:21 app.go:123: Not time for cleanup yet.
2026/02/02 17:22:54 app.go:100: Folders and logger initialized.
2026/02/02 17:22:54 app.go:163: Server starting on :9099
2026/02/02 17:22:54 app.go:121: hour:  17
2026/02/02 17:22:54 app.go:123: Not time for cleanup yet.
2026/02/02 17:26:27 app.go:100: Folders and logger initialized.
2026/02/02 17:26:27 app.go:163: Server starting on :9099
2026/02/02 17:26:27 app.go:121: hour:  17
2026/02/02 17:26:27 app.go:123: Not time for cleanup yet.
2026/02/02 17:32:06 app.go:100: Folders and logger initialized.
2026/02/02 17:32:06 app.go:163: Server starting on :9099
2026/02/02 17:32:06 app.go:121: hour:  17
2026/02/02 17:32:06 app.go:123: Not time for cleanup yet.
2026/02/02 17:44:56 app.go:100: Folders and logger initialized.
2026/02/02 17:44:56 app.go:163: Server starting on :9099
2026/02/02 17:44:56 app.go:121: hour:  17
2026/02/02 17:44:56 app.go:123: Not time for cleanup yet.
2026/02/02 17:46:06 app.go:100: Folders and logger initialized.
2026/02/02 17:46:06 app.go:163: Server starting on :9099
2026/02/02 17:46:06 app.go:121: hour:  17
2026/02/02 17:46:06 app.go:123: Not time for cleanup yet.
2026/02/02 17:46:33 app.go:100: Folders and logger initialized.
2026/02/02 17:46:33 app.go:163: Server starting on :9099
2026/02/02 17:46:33 app.go:121: hour:  17
2026/02/02 17:46:33 app.go:123: Not time for cleanup yet.
2026/02/02 17:47:56 app.go:100: Folders and logger initialized.
2026/02/02 17:47:56 app.go:163: Server starting on :9099
2026/02/02 17:47:56 app.go:121: hour:  17
2026/02/02 17:47:56 app.go:123: Not time for cleanup yet.
